// Jest Snapshot v1, https://goo.gl/fbAQLP

exports[`babel-plugin-linaria-theme Array: Array 1`] = `

const styles = css\`
  \${theme.below.sm} {
    color: red;
  };
  background: red;
  color: purple;
  margin: \${theme.default.sizes[1]};
  border: 1px solid \${theme.default.sizes[1]};
  background: black;
  color: \${theme.default.colors.green};

      \`

      ↓ ↓ ↓ ↓ ↓ ↓

const styles = css\`
  \${theme.below.sm} {
    color: red;
  }
  background: red;
  color: purple;
  \${themed(t => ({
    margin: t.sizes[1]
  }))};
  \${themed(t => ({
    border: t.sizes[1]
  }))};
  background: black;
  \${themed(t => ({
    color: t.colors.green
  }))};
\`;


`;
